{
  "phrase_full": "XXXXX ipsum XXXXX sit amet, consectetur adipiscing XXXX, sed do eiusmod tempor incididunt ut labore et XXXXXe magna aliqua. Ut enim ad minim veniam, quis nostrud exercitation ullamco laboris nisi ut aliquip ex ea commodo consequat. Duis aute irure XXXXX in reprehenderit in voluptate vXXXX esse cillum XXXXXe eu fugiat nulla pariatur. Excepteur sint occaecat cupidatat XXX proident, sunt in culpa qui officia deserunt mollit anim id est laborum.",
  "phrase": "LXXXm ipsum dXXXr sit amet, consectetur adipiscing eXXt, sed do eiusmod tempor incididunt ut labore et dXXXre magna aliqua. Ut enim ad minim veniam, quis nostrud exercitation ullamco laboris nisi ut aliquip ex ea commodo consequat. Duis aute irure dXXXr in reprehenderit in voluptate veXXt esse cillum dXXXre eu fugiat nulla pariatur. Excepteur sint occaecat cupidatat XXX proident, sunt in culpa qui officia deserunt mollit anim id est laborum."
}
